// Jest Snapshot v1, https://goo.gl/fbAQLP

exports[`<GridText/> should render grid text 1`] = `
.c4 {
  color: #0a1128;
  font-size: 6.4rem;
  text-transform: uppercase;
}

.c9 {
  color: #0a1128;
  font-size: 3.2rem;
  text-transform: none;
}

.c6 {
  font-size: 2.4rem;
}

.c2 > .c5 {
  margin-bottom: 6.4rem;
}

.c7 {
  counter-reset: grid-counter;
  display: grid;
  grid-template-columns: repeat(auto-fill,minmax(280px,1fr));
  gap: 4.0rem;
}

.c8 .c3 {
  position: relative;
  left: 5rem;
}

.c8 .c3::before {
  counter-increment: grid-counter;
  content: counter(grid-counter);
  position: absolute;
  font-size: 7rem;
  top: -3rem;
  left: -5rem;
  -webkit-transform: rotate(10deg);
  -ms-transform: rotate(10deg);
  transform: rotate(10deg);
}

.c0 {
  background-color: #FFF;
  color: #0a1128;
  min-height: 100vh;
  display: -webkit-box;
  display: -webkit-flex;
  display: -ms-flexbox;
  display: flex;
  -webkit-align-items: center;
  -webkit-box-align: center;
  -ms-flex-align: center;
  align-items: center;
}

.c1 {
  max-width: 120rem;
  margin: 0 auto;
  padding: 4.0rem;
}

@media (max-width:768px) {
  .c4 {
    font-size: 4.0rem;
  }
}

<div
  class="c0"
>
  <div
    class="c1"
  >
    <div
      class="c2"
    >
      <h2
        class="c3 c4"
      >
        My grid
      </h2>
      <div
        class="c5 c6"
      >
        Atque doloribus nobis l√ßasudatium esse ui, ut non commidu maxime distinctio veritats unde
      </div>
      <div
        class="c7"
      >
        <div
          class="c8"
        >
          <h3
            class="c3 c9"
          >
            Teste 1
          </h3>
          <div
            class="c5 c6"
          >
            Lorem ipsum dolor sit amet, consectetur adipiscing elit. Donec et metus arcu. Integer pulvinar hendrerit fermentum. Vestibulum faucibus dapibus erat, non porttitor ipsum vehicula a. Nam non ex dignissim, dictum justo eget, mattis ante. Donec aliquam vel turpis quis semper. Proin tincidunt semper metus et sagittis. Class aptent taciti sociosqu ad litora torquent per conubia nostra, per inceptos himenaeos. Proin fringilla finibus lacinia. Etiam non imperdiet mi, efficitur scelerisque arcu. Sed vel lectus nulla. Maecenas odio enim, viverra in viverra eget, luctus eget ipsum. Pellentesque lacinia, ante quis eleifend porttitor, purus dui auctor nisi, sed congue tellus tortor nec magna.
          </div>
        </div>
        <div
          class="c8"
        >
          <h3
            class="c3 c9"
          >
            Teste 2
          </h3>
          <div
            class="c5 c6"
          >
            Lorem ipsum dolor sit amet, consectetur adipiscing elit. Donec et metus arcu. Integer pulvinar hendrerit fermentum. Vestibulum faucibus dapibus erat, non porttitor ipsum vehicula a. Nam non ex dignissim, dictum justo eget, mattis ante. Donec aliquam vel turpis quis semper. Proin tincidunt semper metus et sagittis. Class aptent taciti sociosqu ad litora torquent per conubia nostra, per inceptos himenaeos. Proin fringilla finibus lacinia. Etiam non imperdiet mi, efficitur scelerisque arcu. Sed vel lectus nulla. Maecenas odio enim, viverra in viverra eget, luctus eget ipsum. Pellentesque lacinia, ante quis eleifend porttitor, purus dui auctor nisi, sed congue tellus tortor nec magna.
          </div>
        </div>
        <div
          class="c8"
        >
          <h3
            class="c3 c9"
          >
            Teste 3
          </h3>
          <div
            class="c5 c6"
          >
            Lorem ipsum dolor sit amet, consectetur adipiscing elit. Donec et metus arcu. Integer pulvinar hendrerit fermentum. Vestibulum faucibus dapibus erat, non porttitor ipsum vehicula a. Nam non ex dignissim, dictum justo eget, mattis ante. Donec aliquam vel turpis quis semper. Proin tincidunt semper metus et sagittis. Class aptent taciti sociosqu ad litora torquent per conubia nostra, per inceptos himenaeos. Proin fringilla finibus lacinia. Etiam non imperdiet mi, efficitur scelerisque arcu. Sed vel lectus nulla. Maecenas odio enim, viverra in viverra eget, luctus eget ipsum. Pellentesque lacinia, ante quis eleifend porttitor, purus dui auctor nisi, sed congue tellus tortor nec magna.
          </div>
        </div>
      </div>
    </div>
  </div>
</div>
`;
