// Jest Snapshot v1, https://goo.gl/fbAQLP

exports[`<GridTwoColumn/> should render two column grid 1`] = `
.c5 {
  color: #0a1128;
  font-size: 4.0rem;
  text-transform: uppercase;
}

.c2 {
  display: grid;
  grid-template-columns: 1fr 2fr;
  -webkit-align-items: center;
  -webkit-box-align: center;
  -ms-flex-align: center;
  align-items: center;
  gap: 4.0rem;
}

.c2 .c4 {
  margin-bottom: 4.0rem;
}

.c0 {
  background-color: #FFF;
  color: #0a1128;
  min-height: 100vh;
  display: -webkit-box;
  display: -webkit-flex;
  display: -ms-flexbox;
  display: flex;
  -webkit-align-items: center;
  -webkit-box-align: center;
  -ms-flex-align: center;
  align-items: center;
}

.c1 {
  max-width: 120rem;
  width: 100%;
  margin: 0 auto;
  padding: 4.0rem;
}

.c6 {
  font-size: 2.4rem;
}

@media (max-width:768px) {
  .c2 {
    grid-template-columns: 1fr;
    text-align: center;
  }
}

@media (max-width:768px) {
  .c3 {
    margin-bottom: 4.0rem;
  }
}

<div
  class="c0"
  id=""
>
  <div
    class="c1"
  >
    <div
      class="c2"
    >
      <div
        class="c3"
      >
        <h2
          class="c4 c5"
        >
          Grid Two Column
        </h2>
        <div
          class="c6"
        >
          Lorem ipsum dolor sit, amet consectetur adipisicing elit.
        Nemo ut culpa, ab architecto molestiae labore. Id molestiae nesciunt impedit, 
        veritatis ab vel natus necessitatibus, voluptatibus illum quas, architecto 
        debitis esse.
        </div>
      </div>
      <div
        class=""
      >
        <img
          alt="Grid Two Column"
          class=""
          src="javascript.svg"
        />
      </div>
    </div>
  </div>
</div>
`;
